  dllmain.cpp
E:\Visual Studio Projects\Lang_Extender\defs.h(26,1): warning C4005: 'LOBYTE': macro redefinition
C:\Program Files (x86)\Windows Kits\10\Include\10.0.19041.0\shared\minwindef.h(206): message : see previous definition of 'LOBYTE'
E:\Visual Studio Projects\Lang_Extender\defs.h(30,1): warning C4005: 'HIBYTE': macro redefinition
C:\Program Files (x86)\Windows Kits\10\Include\10.0.19041.0\shared\minwindef.h(207): message : see previous definition of 'HIBYTE'
E:\Visual Studio Projects\Lang_Extender\defs.h(33,1): warning C4005: 'LOWORD': macro redefinition
C:\Program Files (x86)\Windows Kits\10\Include\10.0.19041.0\shared\minwindef.h(204): message : see previous definition of 'LOWORD'
E:\Visual Studio Projects\Lang_Extender\defs.h(34,1): warning C4005: 'HIWORD': macro redefinition
C:\Program Files (x86)\Windows Kits\10\Include\10.0.19041.0\shared\minwindef.h(205): message : see previous definition of 'HIWORD'
E:\Visual Studio Projects\Lang_Extender\dllmain.cpp(27,14): warning C4477: 'printf_s' : format string '%p' requires an argument of type 'void *', but variadic argument 1 has type 'size_t'
E:\Visual Studio Projects\Lang_Extender\dllmain.cpp(28,14): warning C4477: 'printf_s' : format string '%p' requires an argument of type 'void *', but variadic argument 1 has type 'size_t'
E:\Visual Studio Projects\Lang_Extender\dllmain.cpp(29,14): warning C4477: 'printf_s' : format string '%p' requires an argument of type 'void *', but variadic argument 1 has type 'size_t'
E:\Visual Studio Projects\Lang_Extender\dllmain.cpp(30,14): warning C4477: 'printf_s' : format string '%p' requires an argument of type 'void *', but variadic argument 1 has type 'size_t'
E:\Visual Studio Projects\Lang_Extender\dllmain.cpp(31,14): warning C4477: 'printf_s' : format string '%p' requires an argument of type 'void *', but variadic argument 1 has type 'size_t'
E:\Visual Studio Projects\Lang_Extender\dllmain.cpp(32,14): warning C4477: 'printf_s' : format string '%p' requires an argument of type 'void *', but variadic argument 1 has type 'size_t'
E:\Visual Studio Projects\Lang_Extender\dllmain.cpp(33,14): warning C4477: 'printf_s' : format string '%p' requires an argument of type 'void *', but variadic argument 1 has type 'size_t'
E:\Visual Studio Projects\Lang_Extender\dllmain.cpp(34,14): warning C4477: 'printf_s' : format string '%p' requires an argument of type 'void *', but variadic argument 1 has type 'size_t'
E:\Visual Studio Projects\Lang_Extender\dllmain.cpp(35,14): warning C4477: 'printf_s' : format string '%p' requires an argument of type 'void *', but variadic argument 1 has type 'size_t'
E:\Visual Studio Projects\Lang_Extender\dllmain.cpp(36,14): warning C4477: 'printf_s' : format string '%p' requires an argument of type 'void *', but variadic argument 1 has type 'size_t'
E:\Visual Studio Projects\Lang_Extender\dllmain.cpp(37,14): warning C4477: 'printf_s' : format string '%p' requires an argument of type 'void *', but variadic argument 1 has type 'size_t'
E:\Visual Studio Projects\Lang_Extender\dllmain.cpp(38,14): warning C4477: 'printf_s' : format string '%p' requires an argument of type 'void *', but variadic argument 1 has type 'size_t'
E:\Visual Studio Projects\Lang_Extender\dllmain.cpp(39,14): warning C4477: 'printf_s' : format string '%p' requires an argument of type 'void *', but variadic argument 1 has type 'size_t'
E:\Visual Studio Projects\Lang_Extender\dllmain.cpp(40,14): warning C4477: 'printf_s' : format string '%p' requires an argument of type 'void *', but variadic argument 1 has type 'size_t'
E:\Visual Studio Projects\Lang_Extender\dllmain.cpp(41,14): warning C4477: 'printf_s' : format string '%p' requires an argument of type 'void *', but variadic argument 1 has type 'size_t'
E:\Visual Studio Projects\Lang_Extender\dllmain.cpp(42,14): warning C4477: 'printf_s' : format string '%p' requires an argument of type 'void *', but variadic argument 1 has type 'size_t'
E:\Visual Studio Projects\Lang_Extender\dllmain.cpp(43,14): warning C4477: 'printf_s' : format string '%p' requires an argument of type 'void *', but variadic argument 1 has type 'size_t'
E:\Visual Studio Projects\Lang_Extender\dllmain.cpp(44,14): warning C4477: 'printf_s' : format string '%p' requires an argument of type 'void *', but variadic argument 1 has type 'size_t'
E:\Visual Studio Projects\Lang_Extender\dllmain.cpp(45,14): warning C4477: 'printf_s' : format string '%p' requires an argument of type 'void *', but variadic argument 1 has type 'size_t'
E:\Visual Studio Projects\Lang_Extender\dllmain.cpp(46,14): warning C4477: 'printf_s' : format string '%p' requires an argument of type 'void *', but variadic argument 1 has type 'size_t'
E:\Visual Studio Projects\Lang_Extender\dllmain.cpp(47,14): warning C4477: 'printf_s' : format string '%p' requires an argument of type 'void *', but variadic argument 1 has type 'size_t'
E:\Visual Studio Projects\Lang_Extender\dllmain.cpp(48,14): warning C4477: 'printf_s' : format string '%p' requires an argument of type 'void *', but variadic argument 1 has type 'size_t'
E:\Visual Studio Projects\Lang_Extender\dllmain.cpp(49,14): warning C4477: 'printf_s' : format string '%p' requires an argument of type 'void *', but variadic argument 1 has type 'size_t'
E:\Visual Studio Projects\Lang_Extender\dllmain.cpp(50,14): warning C4477: 'printf_s' : format string '%p' requires an argument of type 'void *', but variadic argument 1 has type 'size_t'
E:\Visual Studio Projects\Lang_Extender\dllmain.cpp(51,14): warning C4477: 'printf_s' : format string '%p' requires an argument of type 'void *', but variadic argument 1 has type 'size_t'
E:\Visual Studio Projects\Lang_Extender\dllmain.cpp(52,14): warning C4477: 'printf_s' : format string '%p' requires an argument of type 'void *', but variadic argument 1 has type 'size_t'
E:\Visual Studio Projects\Lang_Extender\dllmain.cpp(53,14): warning C4477: 'printf_s' : format string '%p' requires an argument of type 'void *', but variadic argument 1 has type 'size_t'
E:\Visual Studio Projects\Lang_Extender\dllmain.cpp(54,14): warning C4477: 'printf_s' : format string '%p' requires an argument of type 'void *', but variadic argument 1 has type 'size_t'
E:\Visual Studio Projects\Lang_Extender\dllmain.cpp(55,14): warning C4477: 'printf_s' : format string '%p' requires an argument of type 'void *', but variadic argument 1 has type 'size_t'
E:\Visual Studio Projects\Lang_Extender\dllmain.cpp(68,14): warning C4477: 'printf_s' : format string '%p' requires an argument of type 'void *', but variadic argument 1 has type 'size_t'
  langExtender.cpp
E:\Visual Studio Projects\Lang_Extender\defs.h(26,1): warning C4005: 'LOBYTE': macro redefinition
C:\Program Files (x86)\Windows Kits\10\Include\10.0.19041.0\shared\minwindef.h(206): message : see previous definition of 'LOBYTE'
E:\Visual Studio Projects\Lang_Extender\defs.h(30,1): warning C4005: 'HIBYTE': macro redefinition
C:\Program Files (x86)\Windows Kits\10\Include\10.0.19041.0\shared\minwindef.h(207): message : see previous definition of 'HIBYTE'
E:\Visual Studio Projects\Lang_Extender\defs.h(33,1): warning C4005: 'LOWORD': macro redefinition
C:\Program Files (x86)\Windows Kits\10\Include\10.0.19041.0\shared\minwindef.h(204): message : see previous definition of 'LOWORD'
E:\Visual Studio Projects\Lang_Extender\defs.h(34,1): warning C4005: 'HIWORD': macro redefinition
C:\Program Files (x86)\Windows Kits\10\Include\10.0.19041.0\shared\minwindef.h(205): message : see previous definition of 'HIWORD'
  Generating Code...
  Lang_Extender.vcxproj -> E:\Visual Studio Projects\Lang_Extender\Debug\Lang_Extender.asi
